current directory: /home/runner/work/stalchemist.beer/stalchemist.beer/vendor/bundle/ruby/3.2.0/gems/rbtree-0.4.6
/usr/bin/ruby3.2 -I/usr/lib/ruby/vendor_ruby extconf.rb
checking for ruby/version.h... yes
checking for rb_exec_recursive() in ruby.h... yes
checking for rb_exec_recursive_paired() in ruby.h... yes
checking for rb_proc_lambda_p() in ruby.h... yes
checking for rb_ary_resize() in ruby.h... yes
checking for rb_obj_hide() in ruby.h... yes
checking for rb_safe_level() in ruby.h... no
checking for rb_cData() in ruby.h... no
creating Makefile

current directory: /home/runner/work/stalchemist.beer/stalchemist.beer/vendor/bundle/ruby/3.2.0/gems/rbtree-0.4.6
make DESTDIR\= sitearchdir\=./.gem.20251027-3426-95dpm4 sitelibdir\=./.gem.20251027-3426-95dpm4 clean

current directory: /home/runner/work/stalchemist.beer/stalchemist.beer/vendor/bundle/ruby/3.2.0/gems/rbtree-0.4.6
make DESTDIR\= sitearchdir\=./.gem.20251027-3426-95dpm4 sitelibdir\=./.gem.20251027-3426-95dpm4
compiling dict.c
compiling rbtree.c
linking shared-object rbtree.so

current directory: /home/runner/work/stalchemist.beer/stalchemist.beer/vendor/bundle/ruby/3.2.0/gems/rbtree-0.4.6
make DESTDIR\= sitearchdir\=./.gem.20251027-3426-95dpm4 sitelibdir\=./.gem.20251027-3426-95dpm4 install
/usr/bin/install -c -m 0755 rbtree.so ./.gem.20251027-3426-95dpm4

current directory: /home/runner/work/stalchemist.beer/stalchemist.beer/vendor/bundle/ruby/3.2.0/gems/rbtree-0.4.6
make DESTDIR\= sitearchdir\=./.gem.20251027-3426-95dpm4 sitelibdir\=./.gem.20251027-3426-95dpm4 clean
